// Jest Snapshot v1, https://goo.gl/fbAQLP

exports[`Grid render 1`] = `
<DocumentFragment>
  <div
    class="sc-eDgbZQ jLEdYt"
  >
    <header
      class="sc-jTkVfb fDzQIw"
    />
    <main
      class="sc-gLfMdy lluolu"
    />
    <footer
      class="sc-iBIXdp iJVawI"
    />
  </div>
</DocumentFragment>
`;
